nohup: ignoring input
════════════════════════════════════════════════════════════
🚀 港股IPO保荐人数据爬虫 v4.0
════════════════════════════════════════════════════════════
数据来源: AAStocks (aastocks.com)
策略: 从IPO列表页逐只抓取详情页获取保荐人
功能: 保存保荐人统计 + 股票代码→保荐人映射表
════════════════════════════════════════════════════════════

📊 开始从 listedipo.aspx 爬取IPO列表...
   URL: http://www.aastocks.com/tc/stocks/market/ipo/listedipo.aspx
   最大页数: 15

   第 1 页... ✓ 获取 20 条IPO记录
      [1/20] 09980 東鵬飲料... ✓ 3个保荐人
      [2/20] 01768 鳴鳴很忙... ✓ 2个保荐人
      [3/20] 09611 龍旗科技... ✓ 3个保荐人
      [4/20] 01641 紅星冷鏈... ✓ 2个保荐人
      [5/20] 03986 兆易創新... ✓ 2个保荐人
      [6/20] 08610 BBSB INTL... ✓ 1个保荐人
      [7/20] 00501 豪威集團... ✓ 4个保荐人
      [8/20] 00100 MINIMAX-WP... ✓ 2个保荐人
      [9/20] 03636 金潯資源... ✓ 1个保荐人
      [10/20] 06938 瑞博生物－Ｂ... ✓ 2个保荐人
      [11/20] 02513 智譜... ✓ 1个保荐人
      [12/20] 02675 精鋒醫療－Ｂ... ✓ 2个保荐人
      [13/20] 09903 天數智芯... ✓ 1个保荐人
      [14/20] 06082 壁仞科技... ✓ 3个保荐人
      [15/20] 02657 林清軒... ✓ 2个保荐人
      [16/20] 02671 美聯股份... ✓ 1个保荐人
      [17/20] 03317 迅策... ✓ 1个保荐人
      [18/20] 03696 英矽智能... ✓ 3个保荐人
      [19/20] 06600 臥安機器人... ✓ 2个保荐人
      [20/20] 06651 五一視界... ✓ 2个保荐人
   第 2 页... ✓ 获取 20 条IPO记录
      [1/20] 02635 諾比侃... ✓ 1个保荐人
      [2/20] 02661 輕鬆健康... ✓ 2个保荐人
      [3/20] 03378 翰思艾泰－Ｂ... ✓ 1个保荐人
      [4/20] 02396 華芢生物－Ｂ... ✓ 2个保荐人
      [5/20] 02581 明基醫院... ✓ 2个保荐人
      [6/20] 02691 南華期貨股份... ✓ 1个保荐人
      [7/20] 02695 印象大紅袍... ✓ 2个保荐人
      [8/20] 02546 智匯礦業... ✓ 2个保荐人
      [9/20] 03881 希迪智駕... ✓ 3个保荐人
      [10/20] 03887 HASHKEY HLDGS... ✓ 2个保荐人
      [11/20] 02655 果下科技... ✓ 1个保荐人
      [12/20] 07618 京東工業... ✓ 4个保荐人
      [13/20] 02659 寶濟藥業－Ｂ... ✓ 2个保荐人
      [14/20] 02676 納芯微... ✓ 3个保荐人
      [15/20] 02687 卓越睿新... ✓ 1个保荐人
      [16/20] 02408 遇見小麵... ✓ 1个保荐人
      [17/20] 02658 天域半導體... ✓ 1个保荐人
      [18/20] 02539 樂摩科技... ✓ 2个保荐人
      [19/20] 02693 金岩高嶺新材... ✓ 2个保荐人
      [20/20] 09609 海偉股份... ✓ 1个保荐人
   第 3 页... ✓ 获取 20 条IPO记录
      [1/20] 02685 量化派... ✓ 2个保荐人
      [2/20] 02788 創新實業... ✓ 2个保荐人
      [3/20] 02579 中偉新材... ✓ 2个保荐人
      [4/20] 02698 樂舒適... ✓ 3个保荐人
      [5/20] 00699 均勝電子... ✓ 2个保荐人
      [6/20] 00800 文遠知行－Ｗ... ✓ 2个保荐人
      [7/20] 02026 小馬智行－Ｗ... ✓ 4个保荐人
      [8/20] 02630 旺山旺水－Ｂ... ✓ 1个保荐人
      [9/20] 09927 賽力斯... ✓ 2个保荐人
      [10/20] 02718 明略科技－Ｗ... ✓ 1个保荐人
      [11/20] 09876 大洋環球控股... ⚠ 无保荐人数据
      [12/20] 01384 滴普科技... ✓ 5个保荐人
      [13/20] 06031 三一重工... ✓ 1个保荐人
      [14/20] 06166 劍橋科技... ✓ 1个保荐人
      [15/20] 06980 八馬茶業... ✓ 3个保荐人
      [16/20] 00638 廣和通... ✓ 1个保荐人
      [17/20] 06687 聚水潭... ✓ 2个保荐人
      [18/20] 02637 海西新藥... ✓ 2个保荐人
      [19/20] 02670 雲迹... ✓ 2个保荐人
      [20/20] 02575 軒竹生物－Ｂ... ✓ 1个保荐人
   第 4 页... ✓ 获取 20 条IPO记录
      [1/20] 02650 摯達科技... ✓ 1个保荐人
      [2/20] 08549 金葉國際集團... ✓ 1个保荐人
      [3/20] 02652 長風藥業... ✓ 1个保荐人
      [4/20] 02259 紫金黃金國際... ✓ 2个保荐人
      [5/20] 02583 西普尼... ✓ 1个保荐人
      [6/20] 02889 博泰車聯... ✓ 5个保荐人
      [7/20] 09973 奇瑞汽車... ✓ 3个保荐人
      [8/20] 06090 不同集團... ✓ 2个保荐人
      [9/20] 02595 勁方醫藥－Ｂ... ✓ 1个保荐人
      [10/20] 02656 健康１６０... ✓ 2个保荐人
      [11/20] 02525 禾賽－Ｗ... ✓ 3个保荐人
      [12/20] 02543 大行科工... ✓ 1个保荐人
      [13/20] 02580 奧克斯電氣... ✓ 1个保荐人
      [14/20] 03858 佳鑫國際資源... ✓ 1个保荐人
      [15/20] 06960 雙登股份... ✓ 3个保荐人
      [16/20] 02631 天岳先進... ✓ 2个保荐人
      [17/20] 02591 銀諾醫藥－Ｂ... ✓ 2个保荐人
      [18/20] 02627 中慧生物－Ｂ... ✓ 2个保荐人
      [19/20] 06887 東陽光藥... ✓ 1个保荐人
      [20/20] 09887 維立志博－Ｂ... ✓ 2个保荐人
   第 5 页... ✓ 获取 20 条IPO记录
      [1/20] 01304 FORTIOR... ✓ 1个保荐人
      [2/20] 02590 極智嘉－Ｗ... ✓ 2个保荐人
      [3/20] 02597 訊眾通信... ✓ 1个保荐人
      [4/20] 02651 大眾口腔... ✓ 1个保荐人
      [5/20] 06613 藍思科技... ✓ 1个保荐人
      [6/20] 01828 富衛集團... ✓ 2个保荐人
      [7/20] 02076 ＢＯＳＳ直聘－Ｗ... ✓ 3个保荐人
      [8/20] 02648 安井食品... ✓ 2个保荐人
      [9/20] 02592 撥康視雲－Ｂ... ✓ 2个保荐人
      [10/20] 03880 泰德醫藥... ✓ 2个保荐人
      [11/20] 06603 IFBH... ✓ 1个保荐人
      [12/20] 09678 雲知聲... ✓ 2个保荐人
      [13/20] 02508 聖貝拉... ✓ 2个保荐人
      [14/20] 06168 周六福... ✓ 2个保荐人
      [15/20] 06883 穎通控股... ✓ 2个保荐人
      [16/20] 02619 香江電器... ✓ 1个保荐人
      [17/20] 02643 曹操出行... ✓ 3个保荐人
      [18/20] 02050 三花智控... ✓ 2个保荐人
      [19/20] 02609 佰澤醫療... ✓ 1个保荐人
      [20/20] 02617 藥捷安康－Ｂ... ✓ 2个保荐人
   第 6 页... ✓ 获取 20 条IPO记录
      [1/20] 03288 海天味業... ✓ 3个保荐人
      [2/20] 02573 新琪安... ✓ 1个保荐人
      [3/20] 02605 METALIGHT... ✓ 1个保荐人
      [4/20] 09881 容大科技... ✓ 1个保荐人
      [5/20] 02621 手回集團... ✓ 2个保荐人
      [6/20] 02565 派格生物醫藥－Ｂ... ✓ 1个保荐人
      [7/20] 02603 吉宏股份... ✓ 2个保荐人
      [8/20] 01276 恒瑞醫藥... ✓ 3个保荐人
      [9/20] 02629 MIRXES-B... ✓ 2个保荐人
      [10/20] 03750 寧德時代... ✓ 4个保荐人
      [11/20] 06831 綠茶集團... ✓ 2个保荐人
      [12/20] 02589 滬上阿姨... ✓ 3个保荐人
      [13/20] 02865 鈞達股份... ✓ 3个保荐人
      [14/20] 01333 博雷頓... ✓ 2个保荐人
      [15/20] 09606 映恩生物－Ｂ... ✓ 3个保荐人
      [16/20] 03677 正力新能... ✓ 2个保荐人
      [17/20] 02625 江蘇宏信... ✓ 1个保荐人
      [18/20] 02569 舒寶國際... ✓ 1个保荐人
      [19/20] 02610 南山鋁業國際... ✓ 1个保荐人
      [20/20] 02561 維昇藥業－Ｂ... ✓ 2个保荐人
   第 7 页... ✓ 获取 20 条IPO记录
      [1/20] 06693 赤峰黃金... ✓ 1个保荐人
      [2/20] 02097 蜜雪集團... ✓ 3个保荐人
      [3/20] 09893 比優集團... ⚠ 无保荐人数据
      [4/20] 01364 古茗... ✓ 2个保荐人
      [5/20] 02571 賽目科技... ✓ 1个保荐人
      [6/20] 00805 新吉奧房車... ✓ 1个保荐人
      [7/20] 02596 宜賓銀行... ✓ 2个保荐人
      [8/20] 00325 布魯可... ✓ 2个保荐人
      [9/20] 02530 紐曼思... ✓ 1个保荐人
      [10/20] 02560 海螺材料科技... ✓ 1个保荐人
      [11/20] 02613 匯舸環保... ✓ 2个保荐人
      [12/20] 06681 腦動極光－Ｂ... ✓ 2个保荐人
      [13/20] 02506 訊飛醫療科技... ✓ 3个保荐人
      [14/20] 02577 英諾賽科... ✓ 2个保荐人
      [15/20] 02587 健康之路... ✓ 1个保荐人
      [16/20] 02431 佑駕創新... ✓ 2个保荐人
      [17/20] 02432 越疆... ✓ 2个保荐人
      [18/20] 00999 小菜園... ✓ 2个保荐人
      [19/20] 02593 草姬集團... ✓ 1个保荐人
      [20/20] 01318 毛戈平... ✓ 1个保荐人
   第 8 页... ✓ 获取 20 条IPO记录
      [1/20] 02570 重塑能源... ✓ 1个保荐人
      [2/20] 02586 多點數智... ✓ 3个保荐人
      [3/20] 02585 夢金園... ✓ 1个保荐人
      [4/20] 02566 九源基因... ✓ 1个保荐人
      [5/20] 06936 順豐控股... ✓ 3个保荐人
      [6/20] 02582 國富氫能... ✓ 2个保荐人
      [7/20] 02519 傲基股份... ✓ 1个保荐人
      [8/20] 02551 晶科電子股份... ✓ 1个保荐人
      [9/20] 02510 德翔海運... ✓ 2个保荐人
      [10/20] 02563 華昊中天醫藥－Ｂ... ✓ 2个保荐人
      [11/20] 02465 龍蟠科技... ✓ 2个保荐人
      [12/20] 09660 地平線機器人－Ｗ... ✓ 3个保荐人
      [13/20] 02460 華潤飲料... ✓ 4个保荐人
      [14/20] 02567 七牛智能... ✓ 1个保荐人
      [15/20] 09639 榮利營造... ✓ 1个保荐人
      [16/20] 02576 太美醫療科技... ✓ 2个保荐人
      [17/20] 02549 卡羅特... ✓ 2个保荐人
      [18/20] 00300 美的集團... ⚠ 无保荐人数据
      [19/20] 08629 集信國控... ✓ 2个保荐人
      [20/20] 02410 同源康醫藥－Ｂ... ✓ 1个保荐人
   第 9 页... ✓ 获取 20 条IPO记录
      [1/20] 02533 黑芝麻智能... ✓ 2个保荐人
      [2/20] 01471 眾淼控股（一百）... ✓ 2个保荐人
      [3/20] 02531 廣聯科技控股... ✓ 1个保荐人
      [4/20] 02507 西銳... ✓ 1个保荐人
      [5/20] 01334 瑞昌國際控股... ✓ 1个保荐人
      [6/20] 02495 聲通科技... ✓ 1个保荐人
      [7/20] 09680 如祺出行... ✓ 3个保荐人
      [8/20] 06086 方舟健客... ✓ 2个保荐人
      [9/20] 06657 百望股份... ✓ 1个保荐人
      [10/20] 01354 經發物業... ✓ 1个保荐人
      [11/20] 02545 中贛通信... ✓ 1个保荐人
      [12/20] 08637 元續科技... ✓ 1个保荐人
      [13/20] 02479 天聚地合... ✓ 1个保荐人
      [14/20] 02559 嘀嗒出行... ✓ 3个保荐人
      [15/20] 06181 老鋪黃金... ✓ 1个保荐人
      [16/20] 02881 武漢有機... ✓ 1个保荐人
      [17/20] 02512 雲工場... ✓ 1个保荐人
      [18/20] 02228 晶泰控股... ✓ 1个保荐人
      [19/20] 02522 一脈陽光... ✓ 1个保荐人
      [20/20] 02550 宜搜科技... ✓ 1个保荐人
   第 10 页... ✓ 获取 20 条IPO记录
      [1/20] 08529 優博控股... ✓ 1个保荐人
      [2/20] 02443 汽車街... ✓ 2个保荐人
      [3/20] 02505 ＥＤＡ集團控股... ✓ 1个保荐人
      [4/20] 00917 趣致集團... ✓ 1个保荐人
      [5/20] 02898 盛禾生物－Ｂ... ✓ 1个保荐人
      [6/20] 02529 泓盈城市服務... ✓ 1个保荐人
      [7/20] 02556 邁富時... ✓ 2个保荐人
      [8/20] 02438 出門問問... ✓ 2个保荐人
      [9/20] 02515 天津建發... ✓ 1个保荐人
      [10/20] 02555 茶百道... ✓ 1个保荐人
      [11/20] 02497 富景中國控股... ✓ 1个保荐人
      [12/20] 02598 連連數字... ✓ 2个保荐人
      [13/20] 02536 百樂皇宮... ✓ 1个保荐人
      [14/20] 09879 米高集團... ✓ 1个保荐人
      [15/20] 02509 荃信生物－Ｂ... ✓ 1个保荐人
      [16/20] 02535 泓基集團... ✓ 1个保荐人
      [17/20] 02540 樂思集團... ✓ 1个保荐人
      [18/20] 02477 經緯天地... ✓ 2个保荐人
      [19/20] 02453 美中嘉和... ✓ 2个保荐人
      [20/20] 02503 中深建業... ✓ 1个保荐人
   第 11 页... ✓ 获取 2 条IPO记录
      [1/2] 06959 長久股份... ✓ 2个保荐人
      [2/2] 02498 速騰聚創... ✓ 2个保荐人
   已到最后一页

   📈 共爬取 199 条有保荐人的IPO记录
   📊 详情获取成功: 199, 失败: 3

   📊 从IPO记录汇总出 59 个保荐人

📊 尝试获取十大保荐人排名数据...
   ✓ 获取 10 个TOP保荐人
   ✅ 合并后共 68 个保荐人数据

💾 正在保存数据...
   ✓ 已保存到 /www/wwwroot/hk-ipo-auto/data/sponsors.json
   ✓ 已保存 199 个股票代码→保荐人映射到 /www/wwwroot/hk-ipo-auto/data/ipo-sponsors.json

🏆 TOP 15 保荐人 (按参与数量):
    1. 中國國際金融香港證券有限公司            64单 +27.84% 胜率64.06%
    2. 中國國際金融香港證券                64单 +27.96% 胜率68.75%
    3. 中信證券(香港)有限公司              44单 +40.09% 胜率79.55%
    4. 中信證券(香港)                  42单 +41.62% 胜率83.33%
    5. 華泰金融控股(香港)有限公司            35单 +8.49% 胜率54.29%
    6. 華泰金融控股(香港)                33单 +9.00% 胜率60.61%
    7. 摩根士丹利亞洲有限公司               16单 +20.54% 胜率68.75%
    8. 摩根士丹利亞洲                   15单 +21.91% 胜率80%
    9. 高盛(亞洲)有限責任公司              12单 +11.46% 胜率58.33%
   10. 海通國際資本有限公司                12单 +26.75% 胜率75%
   11. 建銀國際金融有限公司                12单 +11.38% 胜率83.33%
   12. 建銀國際金融                    12单 +11.38% 胜率83.33%
   13. 瑞銀證券香港有限公司                11单 +14.74% 胜率54.55%
   14. 國泰君安融資有限公司                11单 +23.18% 胜率81.82%
   15. 招銀國際融資有限公司                11单 +23.24% 胜率63.64%

🔥 TOP 10 保荐人 (按平均涨幅, ≥5单):
    1. 中國平安資本（香港）有限公司            5单 +68.29% 胜率80%
    2. 申萬宏源融資（香港）有限公司            5单 +63.32% 胜率80%
    3. 中信證券(香港)                  42单 +41.62% 胜率83.33%
    4. 中信證券(香港)有限公司              44单 +40.09% 胜率79.55%
    5. 海通國際資本                    11单 +31.22% 胜率90.91%
    6. 中國國際金融香港證券                64单 +27.96% 胜率68.75%
    7. 中國國際金融香港證券有限公司            64单 +27.84% 胜率64.06%
    8. 海通國際資本有限公司                12单 +26.75% 胜率75%
    9. 招銀國際金融有限公司                5单 +26.11% 胜率80%
   10. 招銀國際融資                    10单 +25.56% 胜率70%

✨ 完成！
